// Jest Snapshot v1, https://goo.gl/fbAQLP

exports[`matches snapshot 1`] = `
<div
  className="sc-AxjAm grrbNP"
>
  <div
    className="bounce1"
    data-testid="bounce1"
  />
  <div
    className="bounce2"
    data-testid="bounce2"
  />
  <div
    className="bounce3"
    data-testid="bounce3"
  />
</div>
`;
